npx : Global setting: 
enabled
At line:1 char:1
+ npx ng build 
--configuration 
development 
2>build_errors.txt; 
Get-Cont ...
+ ~~~~~~~~~~~~~~~~~~~~~~
~~~~~~~~~~~~~~~~~~~~~~~~
~~~~~~~~~~~~~
    + CategoryInfo      
        : NotSpecified: 
(G    lobal setting: 
enable    d:String) [], 
RemoteE    xception
    + 
FullyQualifiedError    
Id : NativeCommandErr   
 or
 
Local setting: disabled
Effective status: 
disabled
[36mΓáï[39m 
Building...
[36mΓáÖ[39m 
Building...
[36mΓá╣[39m 
Building...
[36mΓá╕[39m 
Building...
[36mΓá╝[39m 
Building...
[36mΓá┤[39m 
Building...
[36mΓáª[39m 
Building...
[36mΓáº[39m 
Building...
[36mΓáç[39m 
Building...
[36mΓáÅ[39m 
Building...
[36mΓáï[39m 
Building...
[36mΓáÖ[39m 
Building...
[36mΓá╣[39m 
Building...
[36mΓá╕[39m 
Building...
[36mΓá╝[39m 
Building...
[36mΓá┤[39m 
Building...
[36mΓáª[39m 
Building...
[36mΓáº[39m 
Building...
[36mΓáç[39m 
Building...
[36mΓáÅ[39m 
Building...
[36mΓáï[39m 
Building...
[36mΓáÖ[39m 
Building...
[36mΓá╣[39m 
Building...
[36mΓá╕[39m 
Building...
[36mΓá╝[39m 
Building...
[36mΓá┤[39m 
Building...
[36mΓáª[39m 
Building...
[36mΓáº[39m 
Building...
[36mΓáç[39m 
Building...
[36mΓáÅ[39m 
Building...
[36mΓáï[39m 
Building...
[36mΓáÖ[39m 
Building...
[36mΓá╣[39m 
Building...
[36mΓá╕[39m 
Building...
[36mΓá╝[39m 
Building...
[36mΓá┤[39m 
Building...
[36mΓáª[39m 
Building...
[36mΓáº[39m 
Building...
[36mΓáç[39m 
Building...
[36mΓáÅ[39m 
Building...
[36mΓáï[39m 
Building...
[36mΓáÖ[39m 
Building...
[36mΓá╣[39m 
Building...
[36mΓá╕[39m 
Building...
[36mΓá╝[39m 
Building...
[36mΓá┤[39m 
Building...
[36mΓáª[39m 
Building...
[36mΓáº[39m 
Building...
[36mΓáç[39m 
Building...
[36mΓáÅ[39m 
Building...
[36mΓáï[39m 
Building...
[36mΓáÖ[39m 
Building...
[36mΓá╣[39m 
Building...
[36mΓá╕[39m 
Building...
[36mΓá╝[39m 
Building...
[36mΓá┤[39m 
Building...
[36mΓáª[39m 
Building...
[36mΓáº[39m 
Building...
[36mΓáç[39m 
Building...
[36mΓáÅ[39m 
Building...
[36mΓáï[39m 
Building...
[36mΓáÖ[39m 
Building...
[36mΓá╣[39m 
Building...
[36mΓá╕[39m 
Building...
[36mΓá╝[39m 
Building...
