npx : - Building...
At line:1 char:1
+ npx ng build 
--configuration 
development 2>&1 > 
build_output.txt; typ 
...
+ ~~~~~~~~~~~~~~~~~~~~~~
~~~~~~~~~~~~~~~~~~~~~~~~
~~~~~~~~~~~~~~~~~~
    + CategoryInfo      
        : NotSpecified: 
(-     
Building...:String)     
[], RemoteException
    + 
FullyQualifiedError    
Id : NativeCommandErr   
 or
 

Initial chunk files | Names               |  Raw size
chunk-WLYBQDDO.js   | -                   |   1.41 MB | 
styles.css          | styles              | 412.31 kB | 
main.js             | main                | 188.63 kB | 
polyfills.js        | polyfills           |  88.09 kB | 
chunk-EHLZM3EC.js   | -                   |   3.62 kB | 

                    | Initial total       |   2.09 MB

Lazy chunk files    | Names               |  Raw size
chunk-HT576POE.js   | transactions-module |   3.53 MB | 
chunk-QWB7JUUX.js   | -                   | 423.00 kB | 
chunk-7ZGFFMKD.js   | html2canvas         | 390.88 kB | 
chunk-6OK46QO6.js   | index-es            | 294.67 kB | 
chunk-L7CUWMI3.js   | -                   |  71.73 kB | 
chunk-XVGHBAVR.js   | purify-es           |  45.48 kB | 
chunk-RSGAMSOS.js   | insights-module     |  28.12 kB | 
chunk-DHYHA4ID.js   | dashboard-module    |  23.08 kB | 

Output location: C:\financeDashboard\finance-dashboard\dist\finance-dashboard

Application bundle generation complete. [11.846 seconds]

